[INFO] Scanning for projects...
[INFO] 
[INFO] ----------< com.mobilitypass:smart-mobility-trip-management >-----------
[INFO] Building smart-mobility-trip-management 0.0.1-SNAPSHOT
[INFO]   from pom.xml
[INFO] --------------------------------[ jar ]---------------------------------
[INFO] 
[INFO] --- resources:3.3.1:resources (default-resources) @ smart-mobility-trip-management ---
[INFO] Copying 1 resource from src\main\resources to target\classes
[INFO] Copying 0 resource from src\main\resources to target\classes
[INFO] 
[INFO] --- compiler:3.14.1:compile (default-compile) @ smart-mobility-trip-management ---
[INFO] Nothing to compile - all classes are up to date.
[INFO] ------------------------------------------------------------------------
[INFO] BUILD SUCCESS
[INFO] ------------------------------------------------------------------------
[INFO] Total time:  1.176 s
[INFO] Finished at: 2026-02-28T22:29:22Z
[INFO] ------------------------------------------------------------------------
